../Core/Src/main.c:100:1:__io_putchar	16	static
../Core/Src/main.c:115:5:main	104	static
../Core/Src/main.c:217:6:SystemClock_Config	88	static
../Core/Src/main.c:260:13:MX_ADC1_Init	24	static
../Core/Src/main.c:304:13:MX_I2C1_Init	8	static
../Core/Src/main.c:336:13:MX_SPI1_Init	8	static
../Core/Src/main.c:372:13:MX_USART3_UART_Init	8	static
../Core/Src/main.c:403:13:MX_GPIO_Init	40	static
../Core/Src/main.c:446:6:LoRa_Config	4	static
../Core/Src/main.c:473:6:StartDefaultTask	16	static
../Core/Src/main.c:519:6:StartTask02	16	static
../Core/Src/main.c:561:6:StartTask03	16	static
../Core/Src/main.c:574:6:Error_Handler	4	static,ignoring_inline_asm
