Archive member included to satisfy reference by file (symbol)

c:/st/stm32cubeide_1.10.1/stm32cubeide/plugins/com.st.stm32cube.ide.mcu.externaltools.gnu-tools-for-stm32.10.3-2021.10.win32_1.0.0.202111181127/tools/bin/../lib/gcc/arm-none-eabi/10.3.1/../../../../arm-none-eabi/lib/thumb/v7-m/nofp\libc_nano.a(lib_a-errno.o)
                              ./Core/Src/syscalls.o (__errno)
c:/st/stm32cubeide_1.10.1/stm32cubeide/plugins/com.st.stm32cube.ide.mcu.externaltools.gnu-tools-for-stm32.10.3-2021.10.win32_1.0.0.202111181127/tools/bin/../lib/gcc/arm-none-eabi/10.3.1/../../../../arm-none-eabi/lib/thumb/v7-m/nofp\libc_nano.a(lib_a-exit.o)
                              c:/st/stm32cubeide_1.10.1/stm32cubeide/plugins/com.st.stm32cube.ide.mcu.externaltools.gnu-tools-for-stm32.10.3-2021.10.win32_1.0.0.202111181127/tools/bin/../lib/gcc/arm-none-eabi/10.3.1/../../../../arm-none-eabi/lib/thumb/v7-m/nofp/crt0.o (exit)
c:/st/stm32cubeide_1.10.1/stm32cubeide/plugins/com.st.stm32cube.ide.mcu.externaltools.gnu-tools-for-stm32.10.3-2021.10.win32_1.0.0.202111181127/tools/bin/../lib/gcc/arm-none-eabi/10.3.1/../../../../arm-none-eabi/lib/thumb/v7-m/nofp\libc_nano.a(lib_a-impure.o)
                              c:/st/stm32cubeide_1.10.1/stm32cubeide/plugins/com.st.stm32cube.ide.mcu.externaltools.gnu-tools-for-stm32.10.3-2021.10.win32_1.0.0.202111181127/tools/bin/../lib/gcc/arm-none-eabi/10.3.1/../../../../arm-none-eabi/lib/thumb/v7-m/nofp\libc_nano.a(lib_a-exit.o) (_global_impure_ptr)
c:/st/stm32cubeide_1.10.1/stm32cubeide/plugins/com.st.stm32cube.ide.mcu.externaltools.gnu-tools-for-stm32.10.3-2021.10.win32_1.0.0.202111181127/tools/bin/../lib/gcc/arm-none-eabi/10.3.1/../../../../arm-none-eabi/lib/thumb/v7-m/nofp\libc_nano.a(lib_a-init.o)
                              c:/st/stm32cubeide_1.10.1/stm32cubeide/plugins/com.st.stm32cube.ide.mcu.externaltools.gnu-tools-for-stm32.10.3-2021.10.win32_1.0.0.202111181127/tools/bin/../lib/gcc/arm-none-eabi/10.3.1/../../../../arm-none-eabi/lib/thumb/v7-m/nofp/crt0.o (__libc_init_array)
c:/st/stm32cubeide_1.10.1/stm32cubeide/plugins/com.st.stm32cube.ide.mcu.externaltools.gnu-tools-for-stm32.10.3-2021.10.win32_1.0.0.202111181127/tools/bin/../lib/gcc/arm-none-eabi/10.3.1/../../../../arm-none-eabi/lib/thumb/v7-m/nofp\libc_nano.a(lib_a-memset.o)
                              c:/st/stm32cubeide_1.10.1/stm32cubeide/plugins/com.st.stm32cube.ide.mcu.externaltools.gnu-tools-for-stm32.10.3-2021.10.win32_1.0.0.202111181127/tools/bin/../lib/gcc/arm-none-eabi/10.3.1/../../../../arm-none-eabi/lib/thumb/v7-m/nofp/crt0.o (memset)
c:/st/stm32cubeide_1.10.1/stm32cubeide/plugins/com.st.stm32cube.ide.mcu.externaltools.gnu-tools-for-stm32.10.3-2021.10.win32_1.0.0.202111181127/tools/bin/../lib/gcc/arm-none-eabi/10.3.1/thumb/v7-m/nofp\libgcc.a(_arm_muldf3.o)
                              ./Core/Src/main.o (__aeabi_dmul)
c:/st/stm32cubeide_1.10.1/stm32cubeide/plugins/com.st.stm32cube.ide.mcu.externaltools.gnu-tools-for-stm32.10.3-2021.10.win32_1.0.0.202111181127/tools/bin/../lib/gcc/arm-none-eabi/10.3.1/thumb/v7-m/nofp\libgcc.a(_arm_addsubdf3.o)
                              ./Core/Src/main.o (__aeabi_dsub)
c:/st/stm32cubeide_1.10.1/stm32cubeide/plugins/com.st.stm32cube.ide.mcu.externaltools.gnu-tools-for-stm32.10.3-2021.10.win32_1.0.0.202111181127/tools/bin/../lib/gcc/arm-none-eabi/10.3.1/thumb/v7-m/nofp\libgcc.a(_arm_muldivdf3.o)
                              ./Core/Src/main.o (__aeabi_ddiv)
c:/st/stm32cubeide_1.10.1/stm32cubeide/plugins/com.st.stm32cube.ide.mcu.externaltools.gnu-tools-for-stm32.10.3-2021.10.win32_1.0.0.202111181127/tools/bin/../lib/gcc/arm-none-eabi/10.3.1/thumb/v7-m/nofp\libgcc.a(_arm_fixunsdfsi.o)
                              ./Core/Src/main.o (__aeabi_d2uiz)
c:/st/stm32cubeide_1.10.1/stm32cubeide/plugins/com.st.stm32cube.ide.mcu.externaltools.gnu-tools-for-stm32.10.3-2021.10.win32_1.0.0.202111181127/tools/bin/../lib/gcc/arm-none-eabi/10.3.1/thumb/v7-m/nofp\libgcc.a(_arm_truncdfsf2.o)
                              ./Core/Src/main.o (__aeabi_d2f)
c:/st/stm32cubeide_1.10.1/stm32cubeide/plugins/com.st.stm32cube.ide.mcu.externaltools.gnu-tools-for-stm32.10.3-2021.10.win32_1.0.0.202111181127/tools/bin/../lib/gcc/arm-none-eabi/10.3.1/thumb/v7-m/nofp\libgcc.a(_arm_fixunssfsi.o)
                              ./Core/Src/main.o (__aeabi_f2uiz)

Discarded input sections

 .text          0x0000000000000000        0x0 c:/st/stm32cubeide_1.10.1/stm32cubeide/plugins/com.st.stm32cube.ide.mcu.externaltools.gnu-tools-for-stm32.10.3-2021.10.win32_1.0.0.202111181127/tools/bin/../lib/gcc/arm-none-eabi/10.3.1/thumb/v7-m/nofp/crti.o
 .data          0x0000000000000000        0x0 c:/st/stm32cubeide_1.10.1/stm32cubeide/plugins/com.st.stm32cube.ide.mcu.externaltools.gnu-tools-for-stm32.10.3-2021.10.win32_1.0.0.202111181127/tools/bin/../lib/gcc/arm-none-eabi/10.3.1/thumb/v7-m/nofp/crti.o
[...]
Memory Configuration

Name             Origin             Length             Attributes
RAM              0x0000000020000000 0x0000000000005000 xrw
FLASH            0x0000000008000000 0x0000000000010000 xr
*default*        0x0000000000000000 0xffffffffffffffff

Linker script and memory map

LOAD c:/st/stm32cubeide_1.10.1/stm32cubeide/plugins/com.st.stm32cube.ide.mcu.externaltools.gnu-tools-for-stm32.10.3-2021.10.win32_1.0.0.202111181127/tools/bin/../lib/gcc/arm-none-eabi/10.3.1/thumb/v7-m/nofp/crti.o
LOAD c:/st/stm32cubeide_1.10.1/stm32cubeide/plugins/com.st.stm32cube.ide.mcu.externaltools.gnu-tools-for-stm32.10.3-2021.10.win32_1.0.0.202111181127/tools/bin/../lib/gcc/arm-none-eabi/10.3.1/thumb/v7-m/nofp/crtbegin.o
LOAD c:/st/stm32cubeide_1.10.1/stm32cubeide/plugins/com.st.stm32cube.ide.mcu.externaltools.gnu-tools-for-stm32.10.3-2021.10.win32_1.0.0.202111181127/tools/bin/../lib/gcc/arm-none-eabi/10.3.1/../../../../arm-none-eabi/lib/thumb/v7-m/nofp/crt0.o
LOAD ./Core/Src/LoRa.o
LOAD ./Core/Src/adc.o
LOAD ./Core/Src/gpio.o
LOAD ./Core/Src/main.o
LOAD ./Core/Src/spi.o
LOAD ./Core/Src/stm32f1xx_hal_msp.o
LOAD ./Core/Src/stm32f1xx_it.o
LOAD ./Core/Src/syscalls.o
LOAD ./Core/Src/sysmem.o
LOAD ./Core/Src/system_stm32f1xx.o
LOAD ./Core/Startup/startup_stm32f103c8tx.o
LOAD ./Drivers/STM32F1xx_HAL_Driver/Src/stm32f1xx_hal.o
LOAD ./Drivers/STM32F1xx_HAL_Driver/Src/stm32f1xx_hal_adc.o
LOAD ./Drivers/STM32F1xx_HAL_Driver/Src/stm32f1xx_hal_adc_ex.o
LOAD ./Drivers/STM32F1xx_HAL_Driver/Src/stm32f1xx_hal_cortex.o
LOAD ./Drivers/STM32F1xx_HAL_Driver/Src/stm32f1xx_hal_dma.o
LOAD ./Drivers/STM32F1xx_HAL_Driver/Src/stm32f1xx_hal_exti.o
LOAD ./Drivers/STM32F1xx_HAL_Driver/Src/stm32f1xx_hal_flash.o
LOAD ./Drivers/STM32F1xx_HAL_Driver/Src/stm32f1xx_hal_flash_ex.o
LOAD ./Drivers/STM32F1xx_HAL_Driver/Src/stm32f1xx_hal_gpio.o
LOAD ./Drivers/STM32F1xx_HAL_Driver/Src/stm32f1xx_hal_gpio_ex.o
LOAD ./Drivers/STM32F1xx_HAL_Driver/Src/stm32f1xx_hal_pwr.o
LOAD ./Drivers/STM32F1xx_HAL_Driver/Src/stm32f1xx_hal_rcc.o
LOAD ./Drivers/STM32F1xx_HAL_Driver/Src/stm32f1xx_hal_rcc_ex.o
LOAD ./Drivers/STM32F1xx_HAL_Driver/Src/stm32f1xx_hal_spi.o
LOAD ./Drivers/STM32F1xx_HAL_Driver/Src/stm32f1xx_hal_tim.o
LOAD ./Drivers/STM32F1xx_HAL_Driver/Src/stm32f1xx_hal_tim_ex.o
START GROUP
LOAD c:/st/stm32cubeide_1.10.1/stm32cubeide/plugins/com.st.stm32cube.ide.mcu.externaltools.gnu-tools-for-stm32.10.3-2021.10.win32_1.0.0.202111181127/tools/bin/../lib/gcc/arm-none-eabi/10.3.1/../../../../arm-none-eabi/lib/thumb/v7-m/nofp\libc_nano.a
LOAD c:/st/stm32cubeide_1.10.1/stm32cubeide/plugins/com.st.stm32cube.ide.mcu.externaltools.gnu-tools-for-stm32.10.3-2021.10.win32_1.0.0.202111181127/tools/bin/../lib/gcc/arm-none-eabi/10.3.1/../../../../arm-none-eabi/lib/thumb/v7-m/nofp\libm.a
END GROUP
START GROUP
LOAD c:/st/stm32cubeide_1.10.1/stm32cubeide/plugins/com.st.stm32cube.ide.mcu.externaltools.gnu-tools-for-stm32.10.3-2021.10.win32_1.0.0.202111181127/tools/bin/../lib/gcc/arm-none-eabi/10.3.1/thumb/v7-m/nofp\libgcc.a
LOAD c:/st/stm32cubeide_1.10.1/stm32cubeide/plugins/com.st.stm32cube.ide.mcu.externaltools.gnu-tools-for-stm32.10.3-2021.10.win32_1.0.0.202111181127/tools/bin/../lib/gcc/arm-none-eabi/10.3.1/../../../../arm-none-eabi/lib/thumb/v7-m/nofp\libc_nano.a
END GROUP
START GROUP
LOAD c:/st/stm32cubeide_1.10.1/stm32cubeide/plugins/com.st.stm32cube.ide.mcu.externaltools.gnu-tools-for-stm32.10.3-2021.10.win32_1.0.0.202111181127/tools/bin/../lib/gcc/arm-none-eabi/10.3.1/thumb/v7-m/nofp\libgcc.a
LOAD c:/st/stm32cubeide_1.10.1/stm32cubeide/plugins/com.st.stm32cube.ide.mcu.externaltools.gnu-tools-for-stm32.10.3-2021.10.win32_1.0.0.202111181127/tools/bin/../lib/gcc/arm-none-eabi/10.3.1/../../../../arm-none-eabi/lib/thumb/v7-m/nofp\libc_nano.a
LOAD c:/st/stm32cubeide_1.10.1/stm32cubeide/plugins/com.st.stm32cube.ide.mcu.externaltools.gnu-tools-for-stm32.10.3-2021.10.win32_1.0.0.202111181127/tools/bin/../lib/gcc/arm-none-eabi/10.3.1/../../../../arm-none-eabi/lib/thumb/v7-m/nofp\libnosys.a
END GROUP
START GROUP
LOAD c:/st/stm32cubeide_1.10.1/stm32cubeide/plugins/com.st.stm32cube.ide.mcu.externaltools.gnu-tools-for-stm32.10.3-2021.10.win32_1.0.0.202111181127/tools/bin/../lib/gcc/arm-none-eabi/10.3.1/thumb/v7-m/nofp\libgcc.a
LOAD c:/st/stm32cubeide_1.10.1/stm32cubeide/plugins/com.st.stm32cube.ide.mcu.externaltools.gnu-tools-for-stm32.10.3-2021.10.win32_1.0.0.202111181127/tools/bin/../lib/gcc/arm-none-eabi/10.3.1/../../../../arm-none-eabi/lib/thumb/v7-m/nofp\libc_nano.a
LOAD c:/st/stm32cubeide_1.10.1/stm32cubeide/plugins/com.st.stm32cube.ide.mcu.externaltools.gnu-tools-for-stm32.10.3-2021.10.win32_1.0.0.202111181127/tools/bin/../lib/gcc/arm-none-eabi/10.3.1/../../../../arm-none-eabi/lib/thumb/v7-m/nofp\libnosys.a
END GROUP
LOAD c:/st/stm32cubeide_1.10.1/stm32cubeide/plugins/com.st.stm32cube.ide.mcu.externaltools.gnu-tools-for-stm32.10.3-2021.10.win32_1.0.0.202111181127/tools/bin/../lib/gcc/arm-none-eabi/10.3.1/thumb/v7-m/nofp/crtend.o
LOAD c:/st/stm32cubeide_1.10.1/stm32cubeide/plugins/com.st.stm32cube.ide.mcu.externaltools.gnu-tools-for-stm32.10.3-2021.10.win32_1.0.0.202111181127/tools/bin/../lib/gcc/arm-none-eabi/10.3.1/thumb/v7-m/nofp/crtn.o
                0x0000000020005000                _estack = (ORIGIN (RAM) + LENGTH (RAM))
                0x0000000000000200                _Min_Heap_Size = 0x200
                0x0000000000000400                _Min_Stack_Size = 0x400

.isr_vector     0x0000000008000000      0x10c
                0x0000000008000000                . = ALIGN (0x4)
 *(.isr_vector)
 .isr_vector    0x0000000008000000      0x10c ./Core/Startup/startup_stm32f103c8tx.o
                0x0000000008000000                g_pfnVectors
                0x000000000800010c                . = ALIGN (0x4)

.text           0x0000000008000110     0x403c
                0x0000000008000110                . = ALIGN (0x4)
 *(.text)
 .text          0x0000000008000110       0x40 c:/st/stm32cubeide_1.10.1/stm32cubeide/plugins/com.st.stm32cube.ide.mcu.externaltools.gnu-tools-for-stm32.10.3-2021.10.win32_1.0.0.202111181127/tools/bin/../lib/gcc/arm-none-eabi/10.3.1/thumb/v7-m/nofp/crtbegin.o
 .text          0x0000000008000150      0x378 c:/st/stm32cubeide_1.10.1/stm32cubeide/plugins/com.st.stm32cube.ide.mcu.externaltools.gnu-tools-for-stm32.10.3-2021.10.win32_1.0.0.202111181127/tools/bin/../lib/gcc/arm-none-eabi/10.3.1/thumb/v7-m/nofp\libgcc.a(_arm_addsubdf3.o)
                0x0000000008000150                __aeabi_drsub
                0x0000000008000158                __aeabi_dsub
                0x0000000008000158                __subdf3
                0x000000000800015c                __aeabi_dadd
                0x000000000800015c                __adddf3
                0x00000000080003d4                __floatunsidf
                0x00000000080003d4                __aeabi_ui2d
                0x00000000080003f4                __floatsidf
                0x00000000080003f4                __aeabi_i2d
                0x0000000008000418                __aeabi_f2d
                0x0000000008000418                __extendsfdf2
                0x000000000800045c                __floatundidf
                0x000000000800045c                __aeabi_ul2d
                0x000000000800046c                __floatdidf
                0x000000000800046c                __aeabi_l2d
 .text          0x00000000080004c8      0x424 c:/st/stm32cubeide_1.10.1/stm32cubeide/plugins/com.st.stm32cube.ide.mcu.externaltools.gnu-tools-for-stm32.10.3-2021.10.win32_1.0.0.202111181127/tools/bin/../lib/gcc/arm-none-eabi/10.3.1/thumb/v7-m/nofp\libgcc.a(_arm_muldivdf3.o)
                0x00000000080004c8                __aeabi_dmul
                0x00000000080004c8                __muldf3
                0x000000000800071c                __divdf3
                0x000000000800071c                __aeabi_ddiv
 .text          0x00000000080008ec       0x40 c:/st/stm32cubeide_1.10.1/stm32cubeide/plugins/com.st.stm32cube.ide.mcu.externaltools.gnu-tools-for-stm32.10.3-2021.10.win32_1.0.0.202111181127/tools/bin/../lib/gcc/arm-none-eabi/10.3.1/thumb/v7-m/nofp\libgcc.a(_arm_fixunsdfsi.o)
                0x00000000080008ec                __aeabi_d2uiz
                0x00000000080008ec                __fixunsdfsi
 .text          0x000000000800092c       0xa0 c:/st/stm32cubeide_1.10.1/stm32cubeide/plugins/com.st.stm32cube.ide.mcu.externaltools.gnu-tools-for-stm32.10.3-2021.10.win32_1.0.0.202111181127/tools/bin/../lib/gcc/arm-none-eabi/10.3.1/thumb/v7-m/nofp\libgcc.a(_arm_truncdfsf2.o)
                0x000000000800092c                __truncdfsf2
                0x000000000800092c                __aeabi_d2f
 .text          0x00000000080009cc       0x40 c:/st/stm32cubeide_1.10.1/stm32cubeide/plugins/com.st.stm32cube.ide.mcu.externaltools.gnu-tools-for-stm32.10.3-2021.10.win32_1.0.0.202111181127/tools/bin/../lib/gcc/arm-none-eabi/10.3.1/thumb/v7-m/nofp\libgcc.a(_arm_fixunssfsi.o)
                0x00000000080009cc                __fixunssfsi
                0x00000000080009cc                __aeabi_f2uiz
 *(.text*)
 .text.newLoRa  0x0000000008000a0c       0x52 ./Core/Src/LoRa.o
                0x0000000008000a0c                newLoRa
 .text.LoRa_reset
                0x0000000008000a5e       0x3c ./Core/Src/LoRa.o
                0x0000000008000a5e                LoRa_reset
 .text.LoRa_gotoMode
                0x0000000008000a9a       0xc2 ./Core/Src/LoRa.o
                0x0000000008000a9a                LoRa_gotoMode
 .text.LoRa_readReg
                0x0000000008000b5c       0x7c ./Core/Src/LoRa.o
                0x0000000008000b5c                LoRa_readReg
 .text.LoRa_writeReg
                0x0000000008000bd8       0x7c ./Core/Src/LoRa.o
                0x0000000008000bd8                LoRa_writeReg
 .text.LoRa_setFrequency
                0x0000000008000c54       0x60 ./Core/Src/LoRa.o
                0x0000000008000c54                LoRa_setFrequency
 .text.LoRa_setSpreadingFactor
                0x0000000008000cb4       0x5e ./Core/Src/LoRa.o
                0x0000000008000cb4                LoRa_setSpreadingFactor
 .text.LoRa_setPower
                0x0000000008000d12       0x26 ./Core/Src/LoRa.o
                0x0000000008000d12                LoRa_setPower
 .text.LoRa_setOCP
                0x0000000008000d38       0x7c ./Core/Src/LoRa.o
                0x0000000008000d38                LoRa_setOCP
 .text.LoRa_setTOMsb_setCRCon
                0x0000000008000db4       0x36 ./Core/Src/LoRa.o
                0x0000000008000db4                LoRa_setTOMsb_setCRCon
 .text.LoRa_read
                0x0000000008000dea       0x34 ./Core/Src/LoRa.o
                0x0000000008000dea                LoRa_read
 .text.LoRa_write
                0x0000000008000e1e       0x3a ./Core/Src/LoRa.o
                0x0000000008000e1e                LoRa_write
 .text.LoRa_BurstWrite
                0x0000000008000e58       0x8e ./Core/Src/LoRa.o
                0x0000000008000e58                LoRa_BurstWrite
 .text.LoRa_isvalid
                0x0000000008000ee6       0x14 ./Core/Src/LoRa.o
                0x0000000008000ee6                LoRa_isvalid
 .text.LoRa_transmit
                0x0000000008000efa       0xb0 ./Core/Src/LoRa.o
                0x0000000008000efa                LoRa_transmit
 .text.LoRa_startReceiving
                0x0000000008000faa       0x18 ./Core/Src/LoRa.o
                0x0000000008000faa                LoRa_startReceiving
 .text.LoRa_init
                0x0000000008000fc2      0x148 ./Core/Src/LoRa.o
                0x0000000008000fc2                LoRa_init
 *fill*         0x000000000800110a        0x2 
 .text.MX_ADC1_Init
                0x000000000800110c       0x7c ./Core/Src/adc.o
                0x000000000800110c                MX_ADC1_Init
 .text.HAL_ADC_MspInit
                0x0000000008001188       0x78 ./Core/Src/adc.o
                0x0000000008001188                HAL_ADC_MspInit
 .text.MX_GPIO_Init
                0x0000000008001200       0xec ./Core/Src/gpio.o
                0x0000000008001200                MX_GPIO_Init
 *fill*         0x00000000080012ec        0x4 
 .text.main     0x00000000080012f0      0x1cc ./Core/Src/main.o
                0x00000000080012f0                main
 .text.SystemClock_Config
                0x00000000080014bc       0xb6 ./Core/Src/main.o
                0x00000000080014bc                SystemClock_Config
 .text.Error_Handler
                0x0000000008001572        0xa ./Core/Src/main.o
                0x0000000008001572                Error_Handler
 .text.MX_SPI1_Init
                0x000000000800157c       0x6c ./Core/Src/spi.o
                0x000000000800157c                MX_SPI1_Init
 .text.HAL_SPI_MspInit
                0x00000000080015e8       0xa4 ./Core/Src/spi.o
                0x00000000080015e8                HAL_SPI_MspInit
 .text.HAL_MspInit
                0x000000000800168c       0x64 ./Core/Src/stm32f1xx_hal_msp.o
                0x000000000800168c                HAL_MspInit
 .text.NMI_Handler
                0x00000000080016f0        0x6 ./Core/Src/stm32f1xx_it.o
                0x00000000080016f0                NMI_Handler
 .text.HardFault_Handler
                0x00000000080016f6        0x6 ./Core/Src/stm32f1xx_it.o
                0x00000000080016f6                HardFault_Handler
 .text.MemManage_Handler
                0x00000000080016fc        0x6 ./Core/Src/stm32f1xx_it.o
                0x00000000080016fc                MemManage_Handler
 .text.BusFault_Handler
                0x0000000008001702        0x6 ./Core/Src/stm32f1xx_it.o
                0x0000000008001702                BusFault_Handler
 .text.UsageFault_Handler
                0x0000000008001708        0x6 ./Core/Src/stm32f1xx_it.o
                0x0000000008001708                UsageFault_Handler
 .text.SVC_Handler
                0x000000000800170e        0xc ./Core/Src/stm32f1xx_it.o
                0x000000000800170e                SVC_Handler
 .text.DebugMon_Handler
                0x000000000800171a        0xc ./Core/Src/stm32f1xx_it.o
                0x000000000800171a                DebugMon_Handler
 .text.PendSV_Handler
                0x0000000008001726        0xc ./Core/Src/stm32f1xx_it.o
                0x0000000008001726                PendSV_Handler
 .text.SysTick_Handler
                0x0000000008001732        0xc ./Core/Src/stm32f1xx_it.o
                0x0000000008001732                SysTick_Handler
 *fill*         0x000000000800173e        0x2 
 .text.SPI1_IRQHandler
                0x0000000008001740       0x14 ./Core/Src/stm32f1xx_it.o
                0x0000000008001740                SPI1_IRQHandler
 .text.SystemInit
                0x0000000008001754        0xc ./Core/Src/system_stm32f1xx.o
                0x0000000008001754                SystemInit
 .text.Reset_Handler
                0x0000000008001760       0x48 ./Core/Startup/startup_stm32f103c8tx.o
                0x0000000008001760                Reset_Handler
 .text.Default_Handler
                0x00000000080017a8        0x2 ./Core/Startup/startup_stm32f103c8tx.o
                0x00000000080017a8                RTC_Alarm_IRQHandler
                0x00000000080017a8                EXTI2_IRQHandler
                0x00000000080017a8                TIM1_CC_IRQHandler
                0x00000000080017a8                PVD_IRQHandler
                0x00000000080017a8                EXTI3_IRQHandler
                0x00000000080017a8                EXTI0_IRQHandler
                0x00000000080017a8                I2C2_EV_IRQHandler
                0x00000000080017a8                ADC1_2_IRQHandler
                0x00000000080017a8                TAMPER_IRQHandler
                0x00000000080017a8                DMA1_Channel4_IRQHandler
                0x00000000080017a8                USART3_IRQHandler
                0x00000000080017a8                RTC_IRQHandler
                0x00000000080017a8                DMA1_Channel7_IRQHandler
                0x00000000080017a8                CAN1_RX1_IRQHandler
                0x00000000080017a8                TIM4_IRQHandler
                0x00000000080017a8                I2C1_EV_IRQHandler
                0x00000000080017a8                DMA1_Channel6_IRQHandler
                0x00000000080017a8                TIM3_IRQHandler
                0x00000000080017a8                RCC_IRQHandler
                0x00000000080017a8                TIM1_TRG_COM_IRQHandler
                0x00000000080017a8                DMA1_Channel1_IRQHandler
                0x00000000080017a8                Default_Handler
                0x00000000080017a8                EXTI15_10_IRQHandler
                0x00000000080017a8                EXTI9_5_IRQHandler
                0x00000000080017a8                SPI2_IRQHandler
                0x00000000080017a8                DMA1_Channel5_IRQHandler
                0x00000000080017a8                EXTI4_IRQHandler
                0x00000000080017a8                USB_LP_CAN1_RX0_IRQHandler
                0x00000000080017a8                USB_HP_CAN1_TX_IRQHandler
                0x00000000080017a8                DMA1_Channel3_IRQHandler
                0x00000000080017a8                TIM1_UP_IRQHandler
                0x00000000080017a8                WWDG_IRQHandler
                0x00000000080017a8                TIM2_IRQHandler
                0x00000000080017a8                TIM1_BRK_IRQHandler
                0x00000000080017a8                EXTI1_IRQHandler
                0x00000000080017a8                USART2_IRQHandler
                0x00000000080017a8                I2C2_ER_IRQHandler
                0x00000000080017a8                DMA1_Channel2_IRQHandler
                0x00000000080017a8                CAN1_SCE_IRQHandler
                0x00000000080017a8                FLASH_IRQHandler
                0x00000000080017a8                USART1_IRQHandler
                0x00000000080017a8                I2C1_ER_IRQHandler
                0x00000000080017a8                USBWakeUp_IRQHandler
 *fill*         0x00000000080017aa        0x2 
 .text.HAL_Init
                0x00000000080017ac       0x2c ./Drivers/STM32F1xx_HAL_Driver/Src/stm32f1xx_hal.o
                0x00000000080017ac                HAL_Init
 .text.HAL_InitTick
                0x00000000080017d8       0x60 ./Drivers/STM32F1xx_HAL_Driver/Src/stm32f1xx_hal.o
                0x00000000080017d8                HAL_InitTick
 .text.HAL_IncTick
                0x0000000008001838       0x24 ./Drivers/STM32F1xx_HAL_Driver/Src/stm32f1xx_hal.o
                0x0000000008001838                HAL_IncTick
 .text.HAL_GetTick
                0x000000000800185c       0x14 ./Drivers/STM32F1xx_HAL_Driver/Src/stm32f1xx_hal.o
                0x000000000800185c                HAL_GetTick
 .text.HAL_Delay
                0x0000000008001870       0x48 ./Drivers/STM32F1xx_HAL_Driver/Src/stm32f1xx_hal.o
                0x0000000008001870                HAL_Delay
 .text.HAL_ADC_Init
                0x00000000080018b8      0x1b0 ./Drivers/STM32F1xx_HAL_Driver/Src/stm32f1xx_hal_adc.o
                0x00000000080018b8                HAL_ADC_Init
 .text.HAL_ADC_Start
                0x0000000008001a68      0x15c ./Drivers/STM32F1xx_HAL_Driver/Src/stm32f1xx_hal_adc.o
                0x0000000008001a68                HAL_ADC_Start
 .text.HAL_ADC_PollForConversion
                0x0000000008001bc4      0x20c ./Drivers/STM32F1xx_HAL_Driver/Src/stm32f1xx_hal_adc.o
                0x0000000008001bc4                HAL_ADC_PollForConversion
 .text.HAL_ADC_Start_IT
                0x0000000008001dd0      0x16c ./Drivers/STM32F1xx_HAL_Driver/Src/stm32f1xx_hal_adc.o
                0x0000000008001dd0                HAL_ADC_Start_IT
 .text.HAL_ADC_GetValue
                0x0000000008001f3c       0x18 ./Drivers/STM32F1xx_HAL_Driver/Src/stm32f1xx_hal_adc.o
                0x0000000008001f3c                HAL_ADC_GetValue
 .text.HAL_ADC_ConfigChannel
                0x0000000008001f54      0x1f0 ./Drivers/STM32F1xx_HAL_Driver/Src/stm32f1xx_hal_adc.o
                0x0000000008001f54                HAL_ADC_ConfigChannel
 .text.ADC_Enable
                0x0000000008002144       0xb4 ./Drivers/STM32F1xx_HAL_Driver/Src/stm32f1xx_hal_adc.o
                0x0000000008002144                ADC_Enable
 .text.ADC_ConversionStop_Disable
                0x00000000080021f8       0x82 ./Drivers/STM32F1xx_HAL_Driver/Src/stm32f1xx_hal_adc.o
                0x00000000080021f8                ADC_ConversionStop_Disable
 *fill*         0x000000000800227a        0x2 
 .text.__NVIC_SetPriorityGrouping
                0x000000000800227c       0x48 ./Drivers/STM32F1xx_HAL_Driver/Src/stm32f1xx_hal_cortex.o
 .text.__NVIC_GetPriorityGrouping
                0x00000000080022c4       0x1c ./Drivers/STM32F1xx_HAL_Driver/Src/stm32f1xx_hal_cortex.o
 .text.__NVIC_EnableIRQ
                0x00000000080022e0       0x38 ./Drivers/STM32F1xx_HAL_Driver/Src/stm32f1xx_hal_cortex.o
 .text.__NVIC_SetPriority
                0x0000000008002318       0x54 ./Drivers/STM32F1xx_HAL_Driver/Src/stm32f1xx_hal_cortex.o
 .text.NVIC_EncodePriority
                0x000000000800236c       0x64 ./Drivers/STM32F1xx_HAL_Driver/Src/stm32f1xx_hal_cortex.o
 .text.SysTick_Config
                0x00000000080023d0       0x44 ./Drivers/STM32F1xx_HAL_Driver/Src/stm32f1xx_hal_cortex.o
 .text.HAL_NVIC_SetPriorityGrouping
                0x0000000008002414       0x16 ./Drivers/STM32F1xx_HAL_Driver/Src/stm32f1xx_hal_cortex.o
                0x0000000008002414                HAL_NVIC_SetPriorityGrouping
 .text.HAL_NVIC_SetPriority
                0x000000000800242a       0x38 ./Drivers/STM32F1xx_HAL_Driver/Src/stm32f1xx_hal_cortex.o
                0x000000000800242a                HAL_NVIC_SetPriority
 .text.HAL_NVIC_EnableIRQ
                0x0000000008002462       0x1c ./Drivers/STM32F1xx_HAL_Driver/Src/stm32f1xx_hal_cortex.o
                0x0000000008002462                HAL_NVIC_EnableIRQ
 .text.HAL_SYSTICK_Config
                0x000000000800247e       0x18 ./Drivers/STM32F1xx_HAL_Driver/Src/stm32f1xx_hal_cortex.o
                0x000000000800247e                HAL_SYSTICK_Config
 *fill*         0x0000000008002496        0x2 
 .text.HAL_DMA_Abort_IT
                0x0000000008002498       0xec ./Drivers/STM32F1xx_HAL_Driver/Src/stm32f1xx_hal_dma.o
                0x0000000008002498                HAL_DMA_Abort_IT
 .text.HAL_GPIO_Init
                0x0000000008002584      0x308 ./Drivers/STM32F1xx_HAL_Driver/Src/stm32f1xx_hal_gpio.o
                0x0000000008002584                HAL_GPIO_Init
 .text.HAL_GPIO_ReadPin
                0x000000000800288c       0x2e ./Drivers/STM32F1xx_HAL_Driver/Src/stm32f1xx_hal_gpio.o
                0x000000000800288c                HAL_GPIO_ReadPin
 .text.HAL_GPIO_WritePin
                0x00000000080028ba       0x30 ./Drivers/STM32F1xx_HAL_Driver/Src/stm32f1xx_hal_gpio.o
                0x00000000080028ba                HAL_GPIO_WritePin
 *fill*         0x00000000080028ea        0x2 
 .text.HAL_RCC_OscConfig
                0x00000000080028ec      0x504 ./Drivers/STM32F1xx_HAL_Driver/Src/stm32f1xx_hal_rcc.o
                0x00000000080028ec                HAL_RCC_OscConfig
 .text.HAL_RCC_ClockConfig
                0x0000000008002df0      0x1d4 ./Drivers/STM32F1xx_HAL_Driver/Src/stm32f1xx_hal_rcc.o
                0x0000000008002df0                HAL_RCC_ClockConfig
 .text.HAL_RCC_GetSysClockFreq
                0x0000000008002fc4       0xbc ./Drivers/STM32F1xx_HAL_Driver/Src/stm32f1xx_hal_rcc.o
                0x0000000008002fc4                HAL_RCC_GetSysClockFreq
 .text.HAL_RCC_GetHCLKFreq
                0x0000000008003080       0x14 ./Drivers/STM32F1xx_HAL_Driver/Src/stm32f1xx_hal_rcc.o
                0x0000000008003080                HAL_RCC_GetHCLKFreq
 .text.HAL_RCC_GetPCLK2Freq
                0x0000000008003094       0x28 ./Drivers/STM32F1xx_HAL_Driver/Src/stm32f1xx_hal_rcc.o
                0x0000000008003094                HAL_RCC_GetPCLK2Freq
 .text.RCC_Delay
                0x00000000080030bc       0x3c ./Drivers/STM32F1xx_HAL_Driver/Src/stm32f1xx_hal_rcc.o
 .text.HAL_RCCEx_PeriphCLKConfig
                0x00000000080030f8      0x16c ./Drivers/STM32F1xx_HAL_Driver/Src/stm32f1xx_hal_rcc_ex.o
                0x00000000080030f8                HAL_RCCEx_PeriphCLKConfig
 .text.HAL_RCCEx_GetPeriphCLKFreq
                0x0000000008003264      0x180 ./Drivers/STM32F1xx_HAL_Driver/Src/stm32f1xx_hal_rcc_ex.o
                0x0000000008003264                HAL_RCCEx_GetPeriphCLKFreq
 .text.HAL_SPI_Init
                0x00000000080033e4      0x108 ./Drivers/STM32F1xx_HAL_Driver/Src/stm32f1xx_hal_spi.o
                0x00000000080033e4                HAL_SPI_Init
 .text.HAL_SPI_Transmit
                0x00000000080034ec      0x278 ./Drivers/STM32F1xx_HAL_Driver/Src/stm32f1xx_hal_spi.o
                0x00000000080034ec                HAL_SPI_Transmit
 .text.HAL_SPI_Receive
                0x0000000008003764      0x222 ./Drivers/STM32F1xx_HAL_Driver/Src/stm32f1xx_hal_spi.o
                0x0000000008003764                HAL_SPI_Receive
 .text.HAL_SPI_TransmitReceive
                0x0000000008003986      0x344 ./Drivers/STM32F1xx_HAL_Driver/Src/stm32f1xx_hal_spi.o
                0x0000000008003986                HAL_SPI_TransmitReceive
 *fill*         0x0000000008003cca        0x2 
 .text.HAL_SPI_IRQHandler
                0x0000000008003ccc      0x1cc ./Drivers/STM32F1xx_HAL_Driver/Src/stm32f1xx_hal_spi.o
                0x0000000008003ccc                HAL_SPI_IRQHandler
 .text.HAL_SPI_ErrorCallback
                0x0000000008003e98       0x12 ./Drivers/STM32F1xx_HAL_Driver/Src/stm32f1xx_hal_spi.o
                0x0000000008003e98                HAL_SPI_ErrorCallback
 .text.HAL_SPI_GetState
                0x0000000008003eaa       0x1a ./Drivers/STM32F1xx_HAL_Driver/Src/stm32f1xx_hal_spi.o
                0x0000000008003eaa                HAL_SPI_GetState
 .text.SPI_DMAAbortOnError
                0x0000000008003ec4       0x28 ./Drivers/STM32F1xx_HAL_Driver/Src/stm32f1xx_hal_spi.o
 .text.SPI_WaitFlagStateUntilTimeout
                0x0000000008003eec      0x110 ./Drivers/STM32F1xx_HAL_Driver/Src/stm32f1xx_hal_spi.o
 .text.SPI_EndRxTransaction
                0x0000000008003ffc       0xa4 ./Drivers/STM32F1xx_HAL_Driver/Src/stm32f1xx_hal_spi.o
 .text.SPI_EndRxTxTransaction
                0x00000000080040a0       0x3c ./Drivers/STM32F1xx_HAL_Driver/Src/stm32f1xx_hal_spi.o
 .text.__libc_init_array
                0x00000000080040dc       0x48 c:/st/stm32cubeide_1.10.1/stm32cubeide/plugins/com.st.stm32cube.ide.mcu.externaltools.gnu-tools-for-stm32.10.3-2021.10.win32_1.0.0.202111181127/tools/bin/../lib/gcc/arm-none-eabi/10.3.1/../../../../arm-none-eabi/lib/thumb/v7-m/nofp\libc_nano.a(lib_a-init.o)
                0x00000000080040dc                __libc_init_array
 .text.memset   0x0000000008004124       0x10 c:/st/stm32cubeide_1.10.1/stm32cubeide/plugins/com.st.stm32cube.ide.mcu.externaltools.gnu-tools-for-stm32.10.3-2021.10.win32_1.0.0.202111181127/tools/bin/../lib/gcc/arm-none-eabi/10.3.1/../../../../arm-none-eabi/lib/thumb/v7-m/nofp\libc_nano.a(lib_a-memset.o)
                0x0000000008004124                memset
 *(.glue_7)
 .glue_7        0x0000000008004134        0x0 linker stubs
 *(.glue_7t)
 .glue_7t       0x0000000008004134        0x0 linker stubs
 *(.eh_frame)
 .eh_frame      0x0000000008004134        0x0 c:/st/stm32cubeide_1.10.1/stm32cubeide/plugins/com.st.stm32cube.ide.mcu.externaltools.gnu-tools-for-stm32.10.3-2021.10.win32_1.0.0.202111181127/tools/bin/../lib/gcc/arm-none-eabi/10.3.1/thumb/v7-m/nofp/crtbegin.o
 *(.init)
 .init          0x0000000008004134        0x4 c:/st/stm32cubeide_1.10.1/stm32cubeide/plugins/com.st.stm32cube.ide.mcu.externaltools.gnu-tools-for-stm32.10.3-2021.10.win32_1.0.0.202111181127/tools/bin/../lib/gcc/arm-none-eabi/10.3.1/thumb/v7-m/nofp/crti.o
                0x0000000008004134                _init
 .init          0x0000000008004138        0x8 c:/st/stm32cubeide_1.10.1/stm32cubeide/plugins/com.st.stm32cube.ide.mcu.externaltools.gnu-tools-for-stm32.10.3-2021.10.win32_1.0.0.202111181127/tools/bin/../lib/gcc/arm-none-eabi/10.3.1/thumb/v7-m/nofp/crtn.o
 *(.fini)
 .fini          0x0000000008004140        0x4 c:/st/stm32cubeide_1.10.1/stm32cubeide/plugins/com.st.stm32cube.ide.mcu.externaltools.gnu-tools-for-stm32.10.3-2021.10.win32_1.0.0.202111181127/tools/bin/../lib/gcc/arm-none-eabi/10.3.1/thumb/v7-m/nofp/crti.o
                0x0000000008004140                _fini
 .fini          0x0000000008004144        0x8 c:/st/stm32cubeide_1.10.1/stm32cubeide/plugins/com.st.stm32cube.ide.mcu.externaltools.gnu-tools-for-stm32.10.3-2021.10.win32_1.0.0.202111181127/tools/bin/../lib/gcc/arm-none-eabi/10.3.1/thumb/v7-m/nofp/crtn.o
                0x000000000800414c                . = ALIGN (0x4)
                0x000000000800414c                _etext = .

.vfp11_veneer   0x000000000800414c        0x0
 .vfp11_veneer  0x000000000800414c        0x0 linker stubs

.v4_bx          0x000000000800414c        0x0
 .v4_bx         0x000000000800414c        0x0 linker stubs

.iplt           0x000000000800414c        0x0
 .iplt          0x000000000800414c        0x0 c:/st/stm32cubeide_1.10.1/stm32cubeide/plugins/com.st.stm32cube.ide.mcu.externaltools.gnu-tools-for-stm32.10.3-2021.10.win32_1.0.0.202111181127/tools/bin/../lib/gcc/arm-none-eabi/10.3.1/thumb/v7-m/nofp/crtbegin.o

.rodata         0x000000000800414c       0x38
                0x000000000800414c                . = ALIGN (0x4)
 *(.rodata)
 .rodata        0x000000000800414c       0x10 ./Drivers/STM32F1xx_HAL_Driver/Src/stm32f1xx_hal_rcc.o
 .rodata        0x000000000800415c       0x10 ./Drivers/STM32F1xx_HAL_Driver/Src/stm32f1xx_hal_rcc_ex.o
 *(.rodata*)
 .rodata.AHBPrescTable
                0x000000000800416c       0x10 ./Core/Src/system_stm32f1xx.o
                0x000000000800416c                AHBPrescTable
 .rodata.APBPrescTable
                0x000000000800417c        0x8 ./Core/Src/system_stm32f1xx.o
                0x000000000800417c                APBPrescTable
                0x0000000008004184                . = ALIGN (0x4)

.rel.dyn        0x0000000008004184        0x0
 .rel.iplt      0x0000000008004184        0x0 c:/st/stm32cubeide_1.10.1/stm32cubeide/plugins/com.st.stm32cube.ide.mcu.externaltools.gnu-tools-for-stm32.10.3-2021.10.win32_1.0.0.202111181127/tools/bin/../lib/gcc/arm-none-eabi/10.3.1/thumb/v7-m/nofp/crtbegin.o

.ARM.extab      0x0000000008004184        0x0
                0x0000000008004184                . = ALIGN (0x4)
 *(.ARM.extab* .gnu.linkonce.armextab.*)
                0x0000000008004184                . = ALIGN (0x4)

.ARM            0x0000000008004184        0x0
                0x0000000008004184                . = ALIGN (0x4)
                0x0000000008004184                __exidx_start = .
 *(.ARM.exidx*)
                0x0000000008004184                __exidx_end = .
                0x0000000008004184                . = ALIGN (0x4)

.preinit_array  0x0000000008004184        0x0
                0x0000000008004184                . = ALIGN (0x4)
                0x0000000008004184                PROVIDE (__preinit_array_start = .)
 *(.preinit_array*)
                0x0000000008004184                PROVIDE (__preinit_array_end = .)
                0x0000000008004184                . = ALIGN (0x4)

.init_array     0x0000000008004184        0x4
                0x0000000008004184                . = ALIGN (0x4)
                0x0000000008004184                PROVIDE (__init_array_start = .)
 *(SORT_BY_NAME(.init_array.*))
 *(.init_array*)
 .init_array    0x0000000008004184        0x4 c:/st/stm32cubeide_1.10.1/stm32cubeide/plugins/com.st.stm32cube.ide.mcu.externaltools.gnu-tools-for-stm32.10.3-2021.10.win32_1.0.0.202111181127/tools/bin/../lib/gcc/arm-none-eabi/10.3.1/thumb/v7-m/nofp/crtbegin.o
                0x0000000008004188                PROVIDE (__init_array_end = .)
                0x0000000008004188                . = ALIGN (0x4)

.fini_array     0x0000000008004188        0x4
                0x0000000008004188                . = ALIGN (0x4)
                [!provide]                        PROVIDE (__fini_array_start = .)
 *(SORT_BY_NAME(.fini_array.*))
 *(.fini_array*)
 .fini_array    0x0000000008004188        0x4 c:/st/stm32cubeide_1.10.1/stm32cubeide/plugins/com.st.stm32cube.ide.mcu.externaltools.gnu-tools-for-stm32.10.3-2021.10.win32_1.0.0.202111181127/tools/bin/../lib/gcc/arm-none-eabi/10.3.1/thumb/v7-m/nofp/crtbegin.o
                [!provide]                        PROVIDE (__fini_array_end = .)
                0x000000000800418c                . = ALIGN (0x4)
                0x000000000800418c                _sidata = LOADADDR (.data)

.data           0x0000000020000000        0xc load address 0x000000000800418c
                0x0000000020000000                . = ALIGN (0x4)
                0x0000000020000000                _sdata = .
 *(.data)
 *(.data*)
 .data.SystemCoreClock
                0x0000000020000000        0x4 ./Core/Src/system_stm32f1xx.o
                0x0000000020000000                SystemCoreClock
 .data.uwTickPrio
                0x0000000020000004        0x4 ./Drivers/STM32F1xx_HAL_Driver/Src/stm32f1xx_hal.o
                0x0000000020000004                uwTickPrio
 .data.uwTickFreq
                0x0000000020000008        0x1 ./Drivers/STM32F1xx_HAL_Driver/Src/stm32f1xx_hal.o
                0x0000000020000008                uwTickFreq
 *(.RamFunc)
 *(.RamFunc*)
                0x000000002000000c                . = ALIGN (0x4)
 *fill*         0x0000000020000009        0x3 
                0x000000002000000c                _edata = .

.igot.plt       0x000000002000000c        0x0 load address 0x0000000008004198
 .igot.plt      0x000000002000000c        0x0 c:/st/stm32cubeide_1.10.1/stm32cubeide/plugins/com.st.stm32cube.ide.mcu.externaltools.gnu-tools-for-stm32.10.3-2021.10.win32_1.0.0.202111181127/tools/bin/../lib/gcc/arm-none-eabi/10.3.1/thumb/v7-m/nofp/crtbegin.o
                0x000000002000000c                . = ALIGN (0x4)

.bss            0x000000002000000c      0x130 load address 0x0000000008004198
                0x000000002000000c                _sbss = .
                0x000000002000000c                __bss_start__ = _sbss
 *(.bss)
 .bss           0x000000002000000c       0x1c c:/st/stm32cubeide_1.10.1/stm32cubeide/plugins/com.st.stm32cube.ide.mcu.externaltools.gnu-tools-for-stm32.10.3-2021.10.win32_1.0.0.202111181127/tools/bin/../lib/gcc/arm-none-eabi/10.3.1/thumb/v7-m/nofp/crtbegin.o
 *(.bss*)
 .bss.hadc1     0x0000000020000028       0x30 ./Core/Src/adc.o
                0x0000000020000028                hadc1
 .bss.TxBuffer  0x0000000020000058       0x80 ./Core/Src/main.o
                0x0000000020000058                TxBuffer
 .bss.vRain     0x00000000200000d8        0x1 ./Core/Src/main.o
                0x00000000200000d8                vRain
 *fill*         0x00000000200000d9        0x1 
 .bss.ADC_Value
                0x00000000200000da        0x2 ./Core/Src/main.o
                0x00000000200000da                ADC_Value
 .bss.soil      0x00000000200000dc        0x4 ./Core/Src/main.o
                0x00000000200000dc                soil
 .bss.hspi1     0x00000000200000e0       0x58 ./Core/Src/spi.o
                0x00000000200000e0                hspi1
 .bss.uwTick    0x0000000020000138        0x4 ./Drivers/STM32F1xx_HAL_Driver/Src/stm32f1xx_hal.o
                0x0000000020000138                uwTick
 *(COMMON)
                0x000000002000013c                . = ALIGN (0x4)
                0x000000002000013c                _ebss = .
                0x000000002000013c                __bss_end__ = _ebss

._user_heap_stack
                0x000000002000013c      0x604 load address 0x0000000008004198
                0x0000000020000140                . = ALIGN (0x8)
 *fill*         0x000000002000013c        0x4 
                [!provide]                        PROVIDE (end = .)
                0x0000000020000140                PROVIDE (_end = .)
                0x0000000020000340                . = (. + _Min_Heap_Size)
 *fill*         0x0000000020000140      0x200 
                0x0000000020000740                . = (. + _Min_Stack_Size)
 *fill*         0x0000000020000340      0x400 
                0x0000000020000740                . = ALIGN (0x8)

/DISCARD/
 libc.a(*)
 libm.a(*)
 libgcc.a(*)

.ARM.attributes
                0x0000000000000000       0x29
 *(.ARM.attributes)
 .ARM.attributes
                0x0000000000000000       0x1d c:/st/stm32cubeide_1.10.1/stm32cubeide/plugins/com.st.stm32cube.ide.mcu.externaltools.gnu-tools-for-stm32.10.3-2021.10.win32_1.0.0.202111181127/tools/bin/../lib/gcc/arm-none-eabi/10.3.1/thumb/v7-m/nofp/crti.o
 .ARM.attributes
                0x000000000000001d       0x2d c:/st/stm32cubeide_1.10.1/stm32cubeide/plugins/com.st.stm32cube.ide.mcu.externaltools.gnu-tools-for-stm32.10.3-2021.10.win32_1.0.0.202111181127/tools/bin/../lib/gcc/arm-none-eabi/10.3.1/thumb/v7-m/nofp/crtbegin.o
 .ARM.attributes
                0x000000000000004a       0x2d ./Core/Src/LoRa.o
 .ARM.attributes
                0x0000000000000077       0x2d ./Core/Src/adc.o
 .ARM.attributes
                0x00000000000000a4       0x2d ./Core/Src/gpio.o
 .ARM.attributes
                0x00000000000000d1       0x2d ./Core/Src/main.o
 .ARM.attributes
                0x00000000000000fe       0x2d ./Core/Src/spi.o
 .ARM.attributes
                0x000000000000012b       0x2d ./Core/Src/stm32f1xx_hal_msp.o
 .ARM.attributes
                0x0000000000000158       0x2d ./Core/Src/stm32f1xx_it.o
 .ARM.attributes
                0x0000000000000185       0x2d ./Core/Src/system_stm32f1xx.o
 .ARM.attributes
                0x00000000000001b2       0x21 ./Core/Startup/startup_stm32f103c8tx.o
 .ARM.attributes
                0x00000000000001d3       0x2d ./Drivers/STM32F1xx_HAL_Driver/Src/stm32f1xx_hal.o
 .ARM.attributes
                0x0000000000000200       0x2d ./Drivers/STM32F1xx_HAL_Driver/Src/stm32f1xx_hal_adc.o
 .ARM.attributes
                0x000000000000022d       0x2d ./Drivers/STM32F1xx_HAL_Driver/Src/stm32f1xx_hal_cortex.o
 .ARM.attributes
                0x000000000000025a       0x2d ./Drivers/STM32F1xx_HAL_Driver/Src/stm32f1xx_hal_dma.o
 .ARM.attributes
                0x0000000000000287       0x2d ./Drivers/STM32F1xx_HAL_Driver/Src/stm32f1xx_hal_gpio.o
 .ARM.attributes
                0x00000000000002b4       0x2d ./Drivers/STM32F1xx_HAL_Driver/Src/stm32f1xx_hal_rcc.o
 .ARM.attributes
                0x00000000000002e1       0x2d ./Drivers/STM32F1xx_HAL_Driver/Src/stm32f1xx_hal_rcc_ex.o
 .ARM.attributes
                0x000000000000030e       0x2d ./Drivers/STM32F1xx_HAL_Driver/Src/stm32f1xx_hal_spi.o
 .ARM.attributes
                0x000000000000033b       0x2d c:/st/stm32cubeide_1.10.1/stm32cubeide/plugins/com.st.stm32cube.ide.mcu.externaltools.gnu-tools-for-stm32.10.3-2021.10.win32_1.0.0.202111181127/tools/bin/../lib/gcc/arm-none-eabi/10.3.1/../../../../arm-none-eabi/lib/thumb/v7-m/nofp\libc_nano.a(lib_a-init.o)
 .ARM.attributes
                0x0000000000000368       0x2d c:/st/stm32cubeide_1.10.1/stm32cubeide/plugins/com.st.stm32cube.ide.mcu.externaltools.gnu-tools-for-stm32.10.3-2021.10.win32_1.0.0.202111181127/tools/bin/../lib/gcc/arm-none-eabi/10.3.1/../../../../arm-none-eabi/lib/thumb/v7-m/nofp\libc_nano.a(lib_a-memset.o)
 .ARM.attributes
                0x0000000000000395       0x1d c:/st/stm32cubeide_1.10.1/stm32cubeide/plugins/com.st.stm32cube.ide.mcu.externaltools.gnu-tools-for-stm32.10.3-2021.10.win32_1.0.0.202111181127/tools/bin/../lib/gcc/arm-none-eabi/10.3.1/thumb/v7-m/nofp\libgcc.a(_arm_addsubdf3.o)
 .ARM.attributes
                0x00000000000003b2       0x1d c:/st/stm32cubeide_1.10.1/stm32cubeide/plugins/com.st.stm32cube.ide.mcu.externaltools.gnu-tools-for-stm32.10.3-2021.10.win32_1.0.0.202111181127/tools/bin/../lib/gcc/arm-none-eabi/10.3.1/thumb/v7-m/nofp\libgcc.a(_arm_muldivdf3.o)
 .ARM.attributes
                0x00000000000003cf       0x1d c:/st/stm32cubeide_1.10.1/stm32cubeide/plugins/com.st.stm32cube.ide.mcu.externaltools.gnu-tools-for-stm32.10.3-2021.10.win32_1.0.0.202111181127/tools/bin/../lib/gcc/arm-none-eabi/10.3.1/thumb/v7-m/nofp\libgcc.a(_arm_fixunsdfsi.o)
 .ARM.attributes
                0x00000000000003ec       0x1d c:/st/stm32cubeide_1.10.1/stm32cubeide/plugins/com.st.stm32cube.ide.mcu.externaltools.gnu-tools-for-stm32.10.3-2021.10.win32_1.0.0.202111181127/tools/bin/../lib/gcc/arm-none-eabi/10.3.1/thumb/v7-m/nofp\libgcc.a(_arm_truncdfsf2.o)
 .ARM.attributes
                0x0000000000000409       0x1d c:/st/stm32cubeide_1.10.1/stm32cubeide/plugins/com.st.stm32cube.ide.mcu.externaltools.gnu-tools-for-stm32.10.3-2021.10.win32_1.0.0.202111181127/tools/bin/../lib/gcc/arm-none-eabi/10.3.1/thumb/v7-m/nofp\libgcc.a(_arm_fixunssfsi.o)
 .ARM.attributes
                0x0000000000000426       0x1d c:/st/stm32cubeide_1.10.1/stm32cubeide/plugins/com.st.stm32cube.ide.mcu.externaltools.gnu-tools-for-stm32.10.3-2021.10.win32_1.0.0.202111181127/tools/bin/../lib/gcc/arm-none-eabi/10.3.1/thumb/v7-m/nofp/crtn.o
OUTPUT(NODE22222.elf elf32-littlearm)
LOAD linker stubs
LOAD c:/st/stm32cubeide_1.10.1/stm32cubeide/plugins/com.st.stm32cube.ide.mcu.externaltools.gnu-tools-for-stm32.10.3-2021.10.win32_1.0.0.202111181127/tools/bin/../lib/gcc/arm-none-eabi/10.3.1/../../../../arm-none-eabi/lib/thumb/v7-m/nofp\libc.a
LOAD c:/st/stm32cubeide_1.10.1/stm32cubeide/plugins/com.st.stm32cube.ide.mcu.externaltools.gnu-tools-for-stm32.10.3-2021.10.win32_1.0.0.202111181127/tools/bin/../lib/gcc/arm-none-eabi/10.3.1/../../../../arm-none-eabi/lib/thumb/v7-m/nofp\libm.a
LOAD c:/st/stm32cubeide_1.10.1/stm32cubeide/plugins/com.st.stm32cube.ide.mcu.externaltools.gnu-tools-for-stm32.10.3-2021.10.win32_1.0.0.202111181127/tools/bin/../lib/gcc/arm-none-eabi/10.3.1/thumb/v7-m/nofp\libgcc.a

.debug_info     0x0000000000000000     0x8a5c
 .debug_info    0x0000000000000000      0xdd1 ./Core/Src/LoRa.o
 .debug_info    0x0000000000000dd1      0x81f ./Core/Src/adc.o
 .debug_info    0x00000000000015f0      0x2ee ./Core/Src/gpio.o
 .debug_info    0x00000000000018de      0xde0 ./Core/Src/main.o
 .debug_info    0x00000000000026be      0x9c0 ./Core/Src/spi.o
 .debug_info    0x000000000000307e      0x210 ./Core/Src/stm32f1xx_hal_msp.o
 .debug_info    0x000000000000328e      0x656 ./Core/Src/stm32f1xx_it.o
 .debug_info    0x00000000000038e4      0x23d ./Core/Src/system_stm32f1xx.o
 .debug_info    0x0000000000003b21       0x22 ./Core/Startup/startup_stm32f103c8tx.o
 .debug_info    0x0000000000003b43      0x734 ./Drivers/STM32F1xx_HAL_Driver/Src/stm32f1xx_hal.o
 .debug_info    0x0000000000004277      0xcd9 ./Drivers/STM32F1xx_HAL_Driver/Src/stm32f1xx_hal_adc.o
 .debug_info    0x0000000000004f50      0xb20 ./Drivers/STM32F1xx_HAL_Driver/Src/stm32f1xx_hal_cortex.o
 .debug_info    0x0000000000005a70      0x73f ./Drivers/STM32F1xx_HAL_Driver/Src/stm32f1xx_hal_dma.o
 .debug_info    0x00000000000061af      0x615 ./Drivers/STM32F1xx_HAL_Driver/Src/stm32f1xx_hal_gpio.o
 .debug_info    0x00000000000067c4      0x860 ./Drivers/STM32F1xx_HAL_Driver/Src/stm32f1xx_hal_rcc.o
 .debug_info    0x0000000000007024      0x3e0 ./Drivers/STM32F1xx_HAL_Driver/Src/stm32f1xx_hal_rcc_ex.o
 .debug_info    0x0000000000007404     0x1658 ./Drivers/STM32F1xx_HAL_Driver/Src/stm32f1xx_hal_spi.o

.debug_abbrev   0x0000000000000000     0x1e85
 .debug_abbrev  0x0000000000000000      0x25d ./Core/Src/LoRa.o
 .debug_abbrev  0x000000000000025d      0x1ce ./Core/Src/adc.o
 .debug_abbrev  0x000000000000042b      0x134 ./Core/Src/gpio.o
 .debug_abbrev  0x000000000000055f      0x260 ./Core/Src/main.o
 .debug_abbrev  0x00000000000007bf      0x1ec ./Core/Src/spi.o
 .debug_abbrev  0x00000000000009ab       0xd4 ./Core/Src/stm32f1xx_hal_msp.o
 .debug_abbrev  0x0000000000000a7f      0x170 ./Core/Src/stm32f1xx_it.o
 .debug_abbrev  0x0000000000000bef      0x13b ./Core/Src/system_stm32f1xx.o
 .debug_abbrev  0x0000000000000d2a       0x12 ./Core/Startup/startup_stm32f103c8tx.o
 .debug_abbrev  0x0000000000000d3c      0x1fb ./Drivers/STM32F1xx_HAL_Driver/Src/stm32f1xx_hal.o
 .debug_abbrev  0x0000000000000f37      0x210 ./Drivers/STM32F1xx_HAL_Driver/Src/stm32f1xx_hal_adc.o
 .debug_abbrev  0x0000000000001147      0x2ed ./Drivers/STM32F1xx_HAL_Driver/Src/stm32f1xx_hal_cortex.o
 .debug_abbrev  0x0000000000001434      0x1fe ./Drivers/STM32F1xx_HAL_Driver/Src/stm32f1xx_hal_dma.o
 .debug_abbrev  0x0000000000001632      0x1bb ./Drivers/STM32F1xx_HAL_Driver/Src/stm32f1xx_hal_gpio.o
 .debug_abbrev  0x00000000000017ed      0x2a8 ./Drivers/STM32F1xx_HAL_Driver/Src/stm32f1xx_hal_rcc.o
 .debug_abbrev  0x0000000000001a95      0x182 ./Drivers/STM32F1xx_HAL_Driver/Src/stm32f1xx_hal_rcc_ex.o
 .debug_abbrev  0x0000000000001c17      0x26e ./Drivers/STM32F1xx_HAL_Driver/Src/stm32f1xx_hal_spi.o

.debug_aranges  0x0000000000000000      0x870
 .debug_aranges
                0x0000000000000000       0xb0 ./Core/Src/LoRa.o
 .debug_aranges
                0x00000000000000b0       0x30 ./Core/Src/adc.o
 .debug_aranges
                0x00000000000000e0       0x20 ./Core/Src/gpio.o
 .debug_aranges
                0x0000000000000100       0x30 ./Core/Src/main.o
 .debug_aranges
                0x0000000000000130       0x30 ./Core/Src/spi.o
 .debug_aranges
                0x0000000000000160       0x20 ./Core/Src/stm32f1xx_hal_msp.o
 .debug_aranges
                0x0000000000000180       0x68 ./Core/Src/stm32f1xx_it.o
 .debug_aranges
                0x00000000000001e8       0x28 ./Core/Src/system_stm32f1xx.o
 .debug_aranges
                0x0000000000000210       0x28 ./Core/Startup/startup_stm32f103c8tx.o
 .debug_aranges
                0x0000000000000238       0xe0 ./Drivers/STM32F1xx_HAL_Driver/Src/stm32f1xx_hal.o
 .debug_aranges
                0x0000000000000318       0xf0 ./Drivers/STM32F1xx_HAL_Driver/Src/stm32f1xx_hal_adc.o
 .debug_aranges
                0x0000000000000408      0x100 ./Drivers/STM32F1xx_HAL_Driver/Src/stm32f1xx_hal_cortex.o
 .debug_aranges
                0x0000000000000508       0x80 ./Drivers/STM32F1xx_HAL_Driver/Src/stm32f1xx_hal_dma.o
 .debug_aranges
                0x0000000000000588       0x58 ./Drivers/STM32F1xx_HAL_Driver/Src/stm32f1xx_hal_gpio.o
 .debug_aranges
                0x00000000000005e0       0x90 ./Drivers/STM32F1xx_HAL_Driver/Src/stm32f1xx_hal_rcc.o
 .debug_aranges
                0x0000000000000670       0x30 ./Drivers/STM32F1xx_HAL_Driver/Src/stm32f1xx_hal_rcc_ex.o
 .debug_aranges
                0x00000000000006a0      0x1d0 ./Drivers/STM32F1xx_HAL_Driver/Src/stm32f1xx_hal_spi.o

.debug_ranges   0x0000000000000000      0x768
 .debug_ranges  0x0000000000000000       0xa0 ./Core/Src/LoRa.o
 .debug_ranges  0x00000000000000a0       0x20 ./Core/Src/adc.o
 .debug_ranges  0x00000000000000c0       0x10 ./Core/Src/gpio.o
 .debug_ranges  0x00000000000000d0       0x20 ./Core/Src/main.o
 .debug_ranges  0x00000000000000f0       0x20 ./Core/Src/spi.o
 .debug_ranges  0x0000000000000110       0x10 ./Core/Src/stm32f1xx_hal_msp.o
 .debug_ranges  0x0000000000000120       0x58 ./Core/Src/stm32f1xx_it.o
 .debug_ranges  0x0000000000000178       0x18 ./Core/Src/system_stm32f1xx.o
 .debug_ranges  0x0000000000000190       0x20 ./Core/Startup/startup_stm32f103c8tx.o
 .debug_ranges  0x00000000000001b0       0xd0 ./Drivers/STM32F1xx_HAL_Driver/Src/stm32f1xx_hal.o
 .debug_ranges  0x0000000000000280       0xe0 ./Drivers/STM32F1xx_HAL_Driver/Src/stm32f1xx_hal_adc.o
 .debug_ranges  0x0000000000000360       0xf0 ./Drivers/STM32F1xx_HAL_Driver/Src/stm32f1xx_hal_cortex.o
 .debug_ranges  0x0000000000000450       0x70 ./Drivers/STM32F1xx_HAL_Driver/Src/stm32f1xx_hal_dma.o
 .debug_ranges  0x00000000000004c0       0x48 ./Drivers/STM32F1xx_HAL_Driver/Src/stm32f1xx_hal_gpio.o
 .debug_ranges  0x0000000000000508       0x80 ./Drivers/STM32F1xx_HAL_Driver/Src/stm32f1xx_hal_rcc.o
 .debug_ranges  0x0000000000000588       0x20 ./Drivers/STM32F1xx_HAL_Driver/Src/stm32f1xx_hal_rcc_ex.o
 .debug_ranges  0x00000000000005a8      0x1c0 ./Drivers/STM32F1xx_HAL_Driver/Src/stm32f1xx_hal_spi.o

.debug_macro    0x0000000000000000    0x17fb2
 .debug_macro   0x0000000000000000      0x1c0 ./Core/Src/LoRa.o
 .debug_macro   0x00000000000001c0      0xa6c ./Core/Src/LoRa.o
 .debug_macro   0x0000000000000c2c      0x21b ./Core/Src/LoRa.o
 .debug_macro   0x0000000000000e47       0x2e ./Core/Src/LoRa.o
 .debug_macro   0x0000000000000e75       0x22 ./Core/Src/LoRa.o
 .debug_macro   0x0000000000000e97       0x22 ./Core/Src/LoRa.o
 .debug_macro   0x0000000000000eb9       0x8e ./Core/Src/LoRa.o
 .debug_macro   0x0000000000000f47       0x51 ./Core/Src/LoRa.o
 .debug_macro   0x0000000000000f98      0x103 ./Core/Src/LoRa.o
 .debug_macro   0x000000000000109b       0x6a ./Core/Src/LoRa.o
 .debug_macro   0x0000000000001105      0x1df ./Core/Src/LoRa.o
 .debug_macro   0x00000000000012e4       0x1c ./Core/Src/LoRa.o
 .debug_macro   0x0000000000001300       0x22 ./Core/Src/LoRa.o
 .debug_macro   0x0000000000001322       0xbd ./Core/Src/LoRa.o
 .debug_macro   0x00000000000013df      0xd23 ./Core/Src/LoRa.o
 .debug_macro   0x0000000000002102     0xe09e ./Core/Src/LoRa.o
 .debug_macro   0x00000000000101a0       0x6d ./Core/Src/LoRa.o
 .debug_macro   0x000000000001020d     0x3468 ./Core/Src/LoRa.o
 .debug_macro   0x0000000000013675      0x174 ./Core/Src/LoRa.o
 .debug_macro   0x00000000000137e9       0x5c ./Core/Src/LoRa.o
 .debug_macro   0x0000000000013845      0x5be ./Core/Src/LoRa.o
 .debug_macro   0x0000000000013e03      0x289 ./Core/Src/LoRa.o
 .debug_macro   0x000000000001408c      0x1cb ./Core/Src/LoRa.o
 .debug_macro   0x0000000000014257      0x114 ./Core/Src/LoRa.o
 .debug_macro   0x000000000001436b      0x1b2 ./Core/Src/LoRa.o
 .debug_macro   0x000000000001451d       0x27 ./Core/Src/LoRa.o
 .debug_macro   0x0000000000014544      0x136 ./Core/Src/LoRa.o
 .debug_macro   0x000000000001467a      0x1bc ./Core/Src/LoRa.o
 .debug_macro   0x0000000000014836       0x34 ./Core/Src/LoRa.o
 .debug_macro   0x000000000001486a       0x3c ./Core/Src/LoRa.o
 .debug_macro   0x00000000000148a6       0x57 ./Core/Src/LoRa.o
 .debug_macro   0x00000000000148fd      0x46a ./Core/Src/LoRa.o
 .debug_macro   0x0000000000014d67      0x1b5 ./Core/Src/LoRa.o
 .debug_macro   0x0000000000014f1c       0x88 ./Core/Src/LoRa.o
 .debug_macro   0x0000000000014fa4      0x241 ./Core/Src/LoRa.o
 .debug_macro   0x00000000000151e5      0x141 ./Core/Src/LoRa.o
 .debug_macro   0x0000000000015326      0x217 ./Core/Src/LoRa.o
 .debug_macro   0x000000000001553d       0x83 ./Core/Src/LoRa.o
 .debug_macro   0x00000000000155c0       0x34 ./Core/Src/LoRa.o
 .debug_macro   0x00000000000155f4      0x166 ./Core/Src/LoRa.o
 .debug_macro   0x000000000001575a      0x1bb ./Core/Src/adc.o
 .debug_macro   0x0000000000015915      0x1bb ./Core/Src/gpio.o
 .debug_macro   0x0000000000015ad0      0x39f ./Core/Src/main.o
 .debug_macro   0x0000000000015e6f       0x52 ./Core/Src/main.o
 .debug_macro   0x0000000000015ec1       0x18 ./Core/Src/main.o
 .debug_macro   0x0000000000015ed9       0x3c ./Core/Src/main.o
 .debug_macro   0x0000000000015f15       0x34 ./Core/Src/main.o
 .debug_macro   0x0000000000015f49       0x16 ./Core/Src/main.o
 .debug_macro   0x0000000000015f5f       0x35 ./Core/Src/main.o
 .debug_macro   0x0000000000015f94      0x341 ./Core/Src/main.o
 .debug_macro   0x00000000000162d5       0x10 ./Core/Src/main.o
 .debug_macro   0x00000000000162e5       0x16 ./Core/Src/main.o
 .debug_macro   0x00000000000162fb       0x43 ./Core/Src/main.o
 .debug_macro   0x000000000001633e       0x34 ./Core/Src/main.o
 .debug_macro   0x0000000000016372       0x10 ./Core/Src/main.o
 .debug_macro   0x0000000000016382       0x58 ./Core/Src/main.o
 .debug_macro   0x00000000000163da       0x71 ./Core/Src/main.o
 .debug_macro   0x000000000001644b       0x1c ./Core/Src/main.o
 .debug_macro   0x0000000000016467      0x12a ./Core/Src/main.o
 .debug_macro   0x0000000000016591       0x10 ./Core/Src/main.o
 .debug_macro   0x00000000000165a1       0x1c ./Core/Src/main.o
 .debug_macro   0x00000000000165bd       0x52 ./Core/Src/main.o
 .debug_macro   0x000000000001660f       0x22 ./Core/Src/main.o
 .debug_macro   0x0000000000016631       0x10 ./Core/Src/main.o
 .debug_macro   0x0000000000016641       0x52 ./Core/Src/main.o
 .debug_macro   0x0000000000016693       0xd5 ./Core/Src/main.o
 .debug_macro   0x0000000000016768       0x1c ./Core/Src/main.o
 .debug_macro   0x0000000000016784       0x3d ./Core/Src/main.o
 .debug_macro   0x00000000000167c1       0x16 ./Core/Src/main.o
 .debug_macro   0x00000000000167d7      0x145 ./Core/Src/main.o
 .debug_macro   0x000000000001691c       0x16 ./Core/Src/main.o
 .debug_macro   0x0000000000016932       0x20 ./Core/Src/main.o
 .debug_macro   0x0000000000016952       0x16 ./Core/Src/main.o
 .debug_macro   0x0000000000016968       0x16 ./Core/Src/main.o
 .debug_macro   0x000000000001697e       0x29 ./Core/Src/main.o
 .debug_macro   0x00000000000169a7      0x16c ./Core/Src/main.o
 .debug_macro   0x0000000000016b13      0x1bb ./Core/Src/spi.o
 .debug_macro   0x0000000000016cce      0x1b1 ./Core/Src/stm32f1xx_hal_msp.o
 .debug_macro   0x0000000000016e7f      0x1bb ./Core/Src/stm32f1xx_it.o
 .debug_macro   0x000000000001703a      0x1a2 ./Core/Src/system_stm32f1xx.o
 .debug_macro   0x00000000000171dc      0x1c6 ./Drivers/STM32F1xx_HAL_Driver/Src/stm32f1xx_hal.o
 .debug_macro   0x00000000000173a2      0x1bf ./Drivers/STM32F1xx_HAL_Driver/Src/stm32f1xx_hal_adc.o
 .debug_macro   0x0000000000017561      0x1a2 ./Drivers/STM32F1xx_HAL_Driver/Src/stm32f1xx_hal_cortex.o
 .debug_macro   0x0000000000017703      0x1a2 ./Drivers/STM32F1xx_HAL_Driver/Src/stm32f1xx_hal_dma.o
 .debug_macro   0x00000000000178a5      0x20d ./Drivers/STM32F1xx_HAL_Driver/Src/stm32f1xx_hal_gpio.o
 .debug_macro   0x0000000000017ab2      0x1b4 ./Drivers/STM32F1xx_HAL_Driver/Src/stm32f1xx_hal_rcc.o
 .debug_macro   0x0000000000017c66      0x1a2 ./Drivers/STM32F1xx_HAL_Driver/Src/stm32f1xx_hal_rcc_ex.o
 .debug_macro   0x0000000000017e08      0x1aa ./Drivers/STM32F1xx_HAL_Driver/Src/stm32f1xx_hal_spi.o

.debug_line     0x0000000000000000     0xaa24
 .debug_line    0x0000000000000000      0xa7b ./Core/Src/LoRa.o
 .debug_line    0x0000000000000a7b      0x6e0 ./Core/Src/adc.o
 .debug_line    0x000000000000115b      0x6a1 ./Core/Src/gpio.o
 .debug_line    0x00000000000017fc      0x9fe ./Core/Src/main.o
 .debug_line    0x00000000000021fa      0x6eb ./Core/Src/spi.o
 .debug_line    0x00000000000028e5      0x671 ./Core/Src/stm32f1xx_hal_msp.o
 .debug_line    0x0000000000002f56      0x74b ./Core/Src/stm32f1xx_it.o
 .debug_line    0x00000000000036a1      0x6ef ./Core/Src/system_stm32f1xx.o
 .debug_line    0x0000000000003d90       0x87 ./Core/Startup/startup_stm32f103c8tx.o
 .debug_line    0x0000000000003e17      0x91c ./Drivers/STM32F1xx_HAL_Driver/Src/stm32f1xx_hal.o
 .debug_line    0x0000000000004733      0xf93 ./Drivers/STM32F1xx_HAL_Driver/Src/stm32f1xx_hal_adc.o
 .debug_line    0x00000000000056c6      0xb04 ./Drivers/STM32F1xx_HAL_Driver/Src/stm32f1xx_hal_cortex.o
 .debug_line    0x00000000000061ca      0xd74 ./Drivers/STM32F1xx_HAL_Driver/Src/stm32f1xx_hal_dma.o
 .debug_line    0x0000000000006f3e      0x9b3 ./Drivers/STM32F1xx_HAL_Driver/Src/stm32f1xx_hal_gpio.o
 .debug_line    0x00000000000078f1      0xd2a ./Drivers/STM32F1xx_HAL_Driver/Src/stm32f1xx_hal_rcc.o
 .debug_line    0x000000000000861b      0x868 ./Drivers/STM32F1xx_HAL_Driver/Src/stm32f1xx_hal_rcc_ex.o
 .debug_line    0x0000000000008e83     0x1ba1 ./Drivers/STM32F1xx_HAL_Driver/Src/stm32f1xx_hal_spi.o

.debug_str      0x0000000000000000    0x86e3d
 .debug_str     0x0000000000000000    0x80fa4 ./Core/Src/LoRa.o
                                      0x81373 (size before relaxing)
 .debug_str     0x0000000000080fa4      0x23f ./Core/Src/adc.o
                                      0x80d8f (size before relaxing)
 .debug_str     0x00000000000811e3       0x2c ./Core/Src/gpio.o
                                      0x809ea (size before relaxing)
 .debug_str     0x000000000008120f     0x4161 ./Core/Src/main.o
                                      0x85498 (size before relaxing)
 .debug_str     0x0000000000085370      0x2f5 ./Core/Src/spi.o
                                      0x81116 (size before relaxing)
 .debug_str     0x0000000000085665       0x5a ./Core/Src/stm32f1xx_hal_msp.o
                                      0x80972 (size before relaxing)
 .debug_str     0x00000000000856bf       0xec ./Core/Src/stm32f1xx_it.o
                                      0x80d97 (size before relaxing)
 .debug_str     0x00000000000857ab       0x7e ./Core/Src/system_stm32f1xx.o
                                      0x808fd (size before relaxing)
 .debug_str     0x0000000000085829       0x36 ./Core/Startup/startup_stm32f103c8tx.o
                                         0x73 (size before relaxing)
 .debug_str     0x000000000008585f      0x37a ./Drivers/STM32F1xx_HAL_Driver/Src/stm32f1xx_hal.o
                                      0x81030 (size before relaxing)
 .debug_str     0x0000000000085bd9      0x351 ./Drivers/STM32F1xx_HAL_Driver/Src/stm32f1xx_hal_adc.o
                                      0x80fda (size before relaxing)
 .debug_str     0x0000000000085f2a      0x294 ./Drivers/STM32F1xx_HAL_Driver/Src/stm32f1xx_hal_cortex.o
                                      0x80f7c (size before relaxing)
 .debug_str     0x00000000000861be      0x216 ./Drivers/STM32F1xx_HAL_Driver/Src/stm32f1xx_hal_dma.o
                                      0x80ca6 (size before relaxing)
 .debug_str     0x00000000000863d4      0x2d0 ./Drivers/STM32F1xx_HAL_Driver/Src/stm32f1xx_hal_gpio.o
                                      0x80c83 (size before relaxing)
 .debug_str     0x00000000000866a4      0x229 ./Drivers/STM32F1xx_HAL_Driver/Src/stm32f1xx_hal_rcc.o
                                      0x80d2c (size before relaxing)
 .debug_str     0x00000000000868cd       0x7a ./Drivers/STM32F1xx_HAL_Driver/Src/stm32f1xx_hal_rcc_ex.o
                                      0x80a7c (size before relaxing)
 .debug_str     0x0000000000086947      0x4f6 ./Drivers/STM32F1xx_HAL_Driver/Src/stm32f1xx_hal_spi.o
                                      0x81229 (size before relaxing)

.comment        0x0000000000000000       0x50
 .comment       0x0000000000000000       0x50 ./Core/Src/LoRa.o
                                         0x51 (size before relaxing)
 .comment       0x0000000000000050       0x51 ./Core/Src/adc.o
 .comment       0x0000000000000050       0x51 ./Core/Src/gpio.o
 .comment       0x0000000000000050       0x51 ./Core/Src/main.o
 .comment       0x0000000000000050       0x51 ./Core/Src/spi.o
 .comment       0x0000000000000050       0x51 ./Core/Src/stm32f1xx_hal_msp.o
 .comment       0x0000000000000050       0x51 ./Core/Src/stm32f1xx_it.o
 .comment       0x0000000000000050       0x51 ./Core/Src/system_stm32f1xx.o
 .comment       0x0000000000000050       0x51 ./Drivers/STM32F1xx_HAL_Driver/Src/stm32f1xx_hal.o
 .comment       0x0000000000000050       0x51 ./Drivers/STM32F1xx_HAL_Driver/Src/stm32f1xx_hal_adc.o
 .comment       0x0000000000000050       0x51 ./Drivers/STM32F1xx_HAL_Driver/Src/stm32f1xx_hal_cortex.o
 .comment       0x0000000000000050       0x51 ./Drivers/STM32F1xx_HAL_Driver/Src/stm32f1xx_hal_dma.o
 .comment       0x0000000000000050       0x51 ./Drivers/STM32F1xx_HAL_Driver/Src/stm32f1xx_hal_gpio.o
 .comment       0x0000000000000050       0x51 ./Drivers/STM32F1xx_HAL_Driver/Src/stm32f1xx_hal_rcc.o
 .comment       0x0000000000000050       0x51 ./Drivers/STM32F1xx_HAL_Driver/Src/stm32f1xx_hal_rcc_ex.o
 .comment       0x0000000000000050       0x51 ./Drivers/STM32F1xx_HAL_Driver/Src/stm32f1xx_hal_spi.o

.debug_frame    0x0000000000000000     0x2144
 .debug_frame   0x0000000000000000      0x2cc ./Core/Src/LoRa.o
 .debug_frame   0x00000000000002cc       0x7c ./Core/Src/adc.o
 .debug_frame   0x0000000000000348       0x34 ./Core/Src/gpio.o
 .debug_frame   0x000000000000037c       0x70 ./Core/Src/main.o
 .debug_frame   0x00000000000003ec       0x74 ./Core/Src/spi.o
 .debug_frame   0x0000000000000460       0x38 ./Core/Src/stm32f1xx_hal_msp.o
 .debug_frame   0x0000000000000498      0x120 ./Core/Src/stm32f1xx_it.o
 .debug_frame   0x00000000000005b8       0x58 ./Core/Src/system_stm32f1xx.o
 .debug_frame   0x0000000000000610      0x334 ./Drivers/STM32F1xx_HAL_Driver/Src/stm32f1xx_hal.o
 .debug_frame   0x0000000000000944      0x40c ./Drivers/STM32F1xx_HAL_Driver/Src/stm32f1xx_hal_adc.o
 .debug_frame   0x0000000000000d50      0x428 ./Drivers/STM32F1xx_HAL_Driver/Src/stm32f1xx_hal_cortex.o
 .debug_frame   0x0000000000001178      0x208 ./Drivers/STM32F1xx_HAL_Driver/Src/stm32f1xx_hal_dma.o
 .debug_frame   0x0000000000001380      0x14c ./Drivers/STM32F1xx_HAL_Driver/Src/stm32f1xx_hal_gpio.o
 .debug_frame   0x00000000000014cc      0x21c ./Drivers/STM32F1xx_HAL_Driver/Src/stm32f1xx_hal_rcc.o
 .debug_frame   0x00000000000016e8       0x84 ./Drivers/STM32F1xx_HAL_Driver/Src/stm32f1xx_hal_rcc_ex.o
 .debug_frame   0x000000000000176c      0x824 ./Drivers/STM32F1xx_HAL_Driver/Src/stm32f1xx_hal_spi.o
 .debug_frame   0x0000000000001f90       0x2c c:/st/stm32cubeide_1.10.1/stm32cubeide/plugins/com.st.stm32cube.ide.mcu.externaltools.gnu-tools-for-stm32.10.3-2021.10.win32_1.0.0.202111181127/tools/bin/../lib/gcc/arm-none-eabi/10.3.1/../../../../arm-none-eabi/lib/thumb/v7-m/nofp\libc_nano.a(lib_a-init.o)
 .debug_frame   0x0000000000001fbc       0x20 c:/st/stm32cubeide_1.10.1/stm32cubeide/plugins/com.st.stm32cube.ide.mcu.externaltools.gnu-tools-for-stm32.10.3-2021.10.win32_1.0.0.202111181127/tools/bin/../lib/gcc/arm-none-eabi/10.3.1/../../../../arm-none-eabi/lib/thumb/v7-m/nofp\libc_nano.a(lib_a-memset.o)
 .debug_frame   0x0000000000001fdc       0xac c:/st/stm32cubeide_1.10.1/stm32cubeide/plugins/com.st.stm32cube.ide.mcu.externaltools.gnu-tools-for-stm32.10.3-2021.10.win32_1.0.0.202111181127/tools/bin/../lib/gcc/arm-none-eabi/10.3.1/thumb/v7-m/nofp\libgcc.a(_arm_addsubdf3.o)
 .debug_frame   0x0000000000002088       0x50 c:/st/stm32cubeide_1.10.1/stm32cubeide/plugins/com.st.stm32cube.ide.mcu.externaltools.gnu-tools-for-stm32.10.3-2021.10.win32_1.0.0.202111181127/tools/bin/../lib/gcc/arm-none-eabi/10.3.1/thumb/v7-m/nofp\libgcc.a(_arm_muldivdf3.o)
 .debug_frame   0x00000000000020d8       0x24 c:/st/stm32cubeide_1.10.1/stm32cubeide/plugins/com.st.stm32cube.ide.mcu.externaltools.gnu-tools-for-stm32.10.3-2021.10.win32_1.0.0.202111181127/tools/bin/../lib/gcc/arm-none-eabi/10.3.1/thumb/v7-m/nofp\libgcc.a(_arm_fixunsdfsi.o)
 .debug_frame   0x00000000000020fc       0x24 c:/st/stm32cubeide_1.10.1/stm32cubeide/plugins/com.st.stm32cube.ide.mcu.externaltools.gnu-tools-for-stm32.10.3-2021.10.win32_1.0.0.202111181127/tools/bin/../lib/gcc/arm-none-eabi/10.3.1/thumb/v7-m/nofp\libgcc.a(_arm_truncdfsf2.o)
 .debug_frame   0x0000000000002120       0x24 c:/st/stm32cubeide_1.10.1/stm32cubeide/plugins/com.st.stm32cube.ide.mcu.externaltools.gnu-tools-for-stm32.10.3-2021.10.win32_1.0.0.202111181127/tools/bin/../lib/gcc/arm-none-eabi/10.3.1/thumb/v7-m/nofp\libgcc.a(_arm_fixunssfsi.o)
